// Jest Snapshot v1, https://goo.gl/fbAQLP

exports[`Organization Developer Settings when no Apps exist displays empty state 1`] = `
<WithOrganizationMockWrapper
  organization={
    Object {
      "access": Array [
        "org:read",
        "org:write",
        "org:admin",
        "org:integrations",
        "project:read",
        "project:write",
        "project:admin",
        "team:read",
        "team:write",
        "team:admin",
      ],
      "features": Array [],
      "id": "3",
      "name": "Organization Name",
      "onboardingTasks": Array [],
      "projects": Array [],
      "scrapeJavaScript": true,
      "slug": "org-slug",
      "status": Object {
        "id": "active",
        "name": "active",
      },
      "teams": Array [],
    }
  }
  params={
    Object {
      "orgId": "org-slug",
    }
  }
>
  <OrganizationDeveloperSettings
    organization={
      Object {
        "access": Array [
          "org:read",
          "org:write",
          "org:admin",
          "org:integrations",
          "project:read",
          "project:write",
          "project:admin",
          "team:read",
          "team:write",
          "team:admin",
        ],
        "features": Array [],
        "id": "3",
        "name": "Organization Name",
        "onboardingTasks": Array [],
        "projects": Array [],
        "scrapeJavaScript": true,
        "slug": "org-slug",
        "status": Object {
          "id": "active",
          "name": "active",
        },
        "teams": Array [],
      }
    }
    params={
      Object {
        "orgId": "org-slug",
      }
    }
  >
    <SideEffect(DocumentTitle)
      title="Developer Settings - org-slug - Sentry"
    >
      <DocumentTitle
        title="Developer Settings - org-slug - Sentry"
      >
        <div>
          <StyledSettingsPageHeading
            noTitleStyles={false}
            title="Developer Settings"
          >
            <SettingsPageHeading
              className="css-xtfhnp-StyledSettingsPageHeading e1uay4fd4"
              noTitleStyles={false}
              title="Developer Settings"
            >
              <div
                className="css-xtfhnp-StyledSettingsPageHeading e1uay4fd4"
              >
                <TitleAndActions>
                  <div
                    className="css-ifzfc5-TitleAndActions e1uay4fd0"
                  >
                    <Title
                      styled={false}
                    >
                      <div
                        className="css-120v9s3-Title e1uay4fd1"
                      >
                        <HeaderTitle>
                          <h4
                            className="css-1bosio6-HeaderTitle eqkydle2"
                          >
                            Developer Settings
                          </h4>
                        </HeaderTitle>
                      </div>
                    </Title>
                  </div>
                </TitleAndActions>
              </div>
            </SettingsPageHeading>
          </StyledSettingsPageHeading>
          <AlertLink
            href="https://docs.sentry.io/workflow/integrations/integration-platform/"
            priority="warning"
          >
            <StyledLink
              href="https://docs.sentry.io/workflow/integrations/integration-platform/"
              priority="warning"
            >
              <Link
                className="css-1yd43zs-StyledLink e1fthm6j0"
                href="https://docs.sentry.io/workflow/integrations/integration-platform/"
                priority="warning"
              >
                <a
                  className="css-1yd43zs-StyledLink e1fthm6j0"
                  href="https://docs.sentry.io/workflow/integrations/integration-platform/"
                  priority="warning"
                >
                  <AlertLinkText>
                    <div
                      className="css-1niufup-AlertLinkText e1fthm6j1"
                    >
                      Have questions about the Integration Platform? Learn more about it in our docs.
                    </div>
                  </AlertLinkText>
                  <InlineSvg
                    size="1em"
                    src="icon-chevron-right"
                  >
                    <ForwardRef
                      className="css-tbsmsq-InlineSvg enyz4ql0"
                      size="1em"
                      src="icon-chevron-right"
                    >
                      <svg
                        className="css-tbsmsq-InlineSvg enyz4ql0"
                        height="1em"
                        viewBox={Object {}}
                        width="1em"
                      >
                        <use
                          href="#test"
                          xlinkHref="#test"
                        />
                      </svg>
                    </ForwardRef>
                  </InlineSvg>
                </a>
              </Link>
            </StyledLink>
          </AlertLink>
          <Panel>
            <Component
              className="css-15hwgrz-Panel e119nu470"
            >
              <div
                className="css-15hwgrz-Panel e119nu470"
              >
                <PanelHeader
                  hasButtons={true}
                >
                  <div
                    className="css-18hapaz-PanelHeader en8g1d30"
                  >
                    Public Integrations
                    <Button
                      align="center"
                      disabled={false}
                      icon="icon-circle-add"
                      priority="primary"
                      size="small"
                      to="/settings/org-slug/developer-settings/new-public/"
                    >
                      <StyledButton
                        aria-disabled={false}
                        aria-label="New Public Integration"
                        disabled={false}
                        onClick={[Function]}
                        priority="primary"
                        role="button"
                        size="small"
                        to="/settings/org-slug/developer-settings/new-public/"
                      >
                        <ForwardRef
                          aria-disabled={false}
                          aria-label="New Public Integration"
                          className="css-17rayxn-StyledButton edwq9my0"
                          disabled={false}
                          onClick={[Function]}
                          priority="primary"
                          role="button"
                          size="small"
                          to="/settings/org-slug/developer-settings/new-public/"
                        >
                          <Link
                            aria-disabled={false}
                            aria-label="New Public Integration"
                            className="css-17rayxn-StyledButton edwq9my0"
                            onClick={[Function]}
                            onlyActiveOnIndex={false}
                            role="button"
                            size="small"
                            style={Object {}}
                            to="/settings/org-slug/developer-settings/new-public/"
                          >
                            <a
                              aria-disabled={false}
                              aria-label="New Public Integration"
                              className="css-17rayxn-StyledButton edwq9my0"
                              onClick={[Function]}
                              role="button"
                              size="small"
                              style={Object {}}
                            >
                              <ButtonLabel
                                align="center"
                                priority="primary"
                                size="small"
                              >
                                <Component
                                  align="center"
                                  className="css-19gcr2f-ButtonLabel edwq9my1"
                                  priority="primary"
                                  size="small"
                                >
                                  <span
                                    className="css-19gcr2f-ButtonLabel edwq9my1"
                                  >
                                    <Icon
                                      hasChildren={true}
                                      size="small"
                                    >
                                      <Component
                                        className="css-1299qb2-Icon edwq9my2"
                                        hasChildren={true}
                                        size="small"
                                      >
                                        <span
                                          className="css-1299qb2-Icon edwq9my2"
                                          size="small"
                                        >
                                          <StyledInlineSvg
                                            size="12px"
                                            src="icon-circle-add"
                                          >
                                            <ForwardRef
                                              className="css-1p65eyx-InlineSvg-StyledInlineSvg edwq9my3"
                                              size="12px"
                                              src="icon-circle-add"
                                            >
                                              <svg
                                                className="css-1p65eyx-InlineSvg-StyledInlineSvg edwq9my3"
                                                height="12px"
                                                viewBox={Object {}}
                                                width="12px"
                                              >
                                                <use
                                                  href="#test"
                                                  xlinkHref="#test"
                                                />
                                              </svg>
                                            </ForwardRef>
                                          </StyledInlineSvg>
                                        </span>
                                      </Component>
                                    </Icon>
                                    New Public Integration
                                  </span>
                                </Component>
                              </ButtonLabel>
                            </a>
                          </Link>
                        </ForwardRef>
                      </StyledButton>
                    </Button>
                  </div>
                </PanelHeader>
                <PanelBody
                  direction="column"
                  disablePadding={true}
                  flex={false}
                >
                  <EmotionCssPropInternal
                    __EMOTION_LABEL_PLEASE_DO_NOT_USE__="PanelBody"
                    __EMOTION_TYPE_PLEASE_DO_NOT_USE__="div"
                    css={
                      Object {
                        "map": "/*# sourceMappingURL=data:application/json;charset=utf-8;base64,eyJ2ZXJzaW9uIjozLCJzb3VyY2VzIjpbInRleHQudHN4Il0sIm5hbWVzIjpbXSwibWFwcGluZ3MiOiJBQUdZIiwiZmlsZSI6InRleHQudHN4Iiwic291cmNlc0NvbnRlbnQiOlsiaW1wb3J0IHtjc3N9IGZyb20gJ0BlbW90aW9uL2NvcmUnO1xuXG5jb25zdCB0ZXh0U3R5bGVzID0gKCkgPT4ge1xuICByZXR1cm4gY3NzYFxuICAgIC8qIHN0eWxlbGludC1kaXNhYmxlIG5vLWRlc2NlbmRpbmctc3BlY2lmaWNpdHkgKi9cbiAgICBoMSxcbiAgICBoMixcbiAgICBoMyxcbiAgICBoNCxcbiAgICBoNSxcbiAgICBoNixcbiAgICBwLFxuICAgIHVsLFxuICAgIG9sLFxuICAgIHRhYmxlLFxuICAgIGRsLFxuICAgIGJsb2NrcXVvdGUsXG4gICAgZm9ybSxcbiAgICBwcmUsXG4gICAgLmF1dG8tc2VsZWN0LXRleHQsXG4gICAgLnNlY3Rpb24sXG4gICAgW2NsYXNzXj0naGlnaGxpZ2h0LSddIHtcbiAgICAgIG1hcmdpbi1ib3R0b206IDIwcHg7XG5cbiAgICAgICY6bGFzdC1jaGlsZCB7XG4gICAgICAgIG1hcmdpbi1ib3R0b206IDA7XG4gICAgICB9XG4gICAgfVxuXG4gICAgaDEsXG4gICAgaDIsXG4gICAgaDMsXG4gICAgaDQsXG4gICAgaDUsXG4gICAgaDYge1xuICAgICAgbGluZS1oZWlnaHQ6IDEuMjtcbiAgICB9XG5cbiAgICBwLFxuICAgIHVsLFxuICAgIG9sLFxuICAgIGJsb2NrcXVvdGUge1xuICAgICAgbGluZS1oZWlnaHQ6IDEuNTtcbiAgICB9XG5cbiAgICBoMSB7XG4gICAgICBmb250LXNpemU6IDJlbTtcbiAgICB9XG5cbiAgICBoMiB7XG4gICAgICBmb250LXNpemU6IDEuNzVlbTtcbiAgICB9XG5cbiAgICBoMyB7XG4gICAgICBmb250LXNpemU6IDEuNWVtO1xuICAgIH1cblxuICAgIGg0IHtcbiAgICAgIGZvbnQtc2l6ZTogMS4yNWVtO1xuICAgIH1cblxuICAgIGg1IHtcbiAgICAgIGZvbnQtc2l6ZTogMWVtO1xuICAgIH1cblxuICAgIHByZSB7XG4gICAgICB3b3JkLWJyZWFrOiBicmVhay1hbGw7XG4gICAgICB3aGl0ZS1zcGFjZTogcHJlLXdyYXA7XG4gICAgfVxuICAgIC8qIHN0eWxlbGludC1lbmFibGUgKi9cbiAgYDtcbn07XG5cbmV4cG9ydCBkZWZhdWx0IHRleHRTdHlsZXM7XG4iXX0= */",
                        "name": "7uw193-PanelBody",
                        "next": undefined,
                        "styles": "h1,h2,h3,h4,h5,h6,p,ul,ol,table,dl,blockquote,form,pre,.auto-select-text,.section,[class^='highlight-']{margin-bottom:20px;&:last-child{margin-bottom:0;}}h1,h2,h3,h4,h5,h6{line-height:1.2;}p,ul,ol,blockquote{line-height:1.5;}h1{font-size:2em;}h2{font-size:1.75em;}h3{font-size:1.5em;}h4{font-size:1.25em;}h5{font-size:1em;}pre{word-break:break-all;white-space:pre-wrap;};;label:PanelBody;/*# sourceMappingURL=data:application/json;charset=utf-8;base64,eyJ2ZXJzaW9uIjozLCJzb3VyY2VzIjpbInBhbmVsQm9keS5qc3giXSwibmFtZXMiOltdLCJtYXBwaW5ncyI6IkFBbUJNIiwiZmlsZSI6InBhbmVsQm9keS5qc3giLCJzb3VyY2VzQ29udGVudCI6WyJpbXBvcnQge2Nzc30gZnJvbSAnQGVtb3Rpb24vY29yZSc7XG5pbXBvcnQge0ZsZXh9IGZyb20gJ0ByZWJhc3MvZ3JpZC9lbW90aW9uJztcbmltcG9ydCBQcm9wVHlwZXMgZnJvbSAncHJvcC10eXBlcyc7XG5pbXBvcnQgUmVhY3QgZnJvbSAncmVhY3QnO1xuXG5pbXBvcnQgc3BhY2UgZnJvbSAnYXBwL3N0eWxlcy9zcGFjZSc7XG5pbXBvcnQgdGV4dFN0eWxlcyBmcm9tICdhcHAvc3R5bGVzL3RleHQnO1xuXG5jb25zdCBQYW5lbEJvZHkgPSAoe2Rpc2FibGVQYWRkaW5nLCBmbGV4LCBkaXJlY3Rpb24sIC4uLnByb3BzfSkgPT4ge1xuICBjb25zdCBwYWRkaW5nID0gIWRpc2FibGVQYWRkaW5nXG4gICAgPyBjc3NgXG4gICAgICAgIHBhZGRpbmc6ICR7c3BhY2UoMil9O1xuICAgICAgYFxuICAgIDogJyc7XG4gIGNvbnN0IGZsZXhEaXJlY3Rpb24gPSBmbGV4ID8gZGlyZWN0aW9uIDogdW5kZWZpbmVkO1xuICBjb25zdCBDb21wID0gZmxleCA/IEZsZXggOiAnZGl2JztcblxuICByZXR1cm4gKFxuICAgIDxDb21wXG4gICAgICBjc3M9e1t0ZXh0U3R5bGVzKHByb3BzKSwgcGFkZGluZ119XG4gICAgICB7Li4ucHJvcHN9XG4gICAgICB7Li4uKGZsZXhEaXJlY3Rpb24gPyB7ZmxleERpcmVjdGlvbn0gOiBudWxsKX1cbiAgICAvPlxuICApO1xufTtcblxuUGFuZWxCb2R5LnByb3BUeXBlcyA9IHtcbiAgZmxleDogUHJvcFR5cGVzLmJvb2wsXG4gIGRpcmVjdGlvbjogUHJvcFR5cGVzLnN0cmluZyxcbiAgZGlzYWJsZVBhZGRpbmc6IFByb3BUeXBlcy5ib29sLFxufTtcblxuUGFuZWxCb2R5LmRlZmF1bHRQcm9wcyA9IHtcbiAgZmxleDogZmFsc2UsXG4gIGRpcmVjdGlvbjogJ2NvbHVtbicsXG4gIGRpc2FibGVQYWRkaW5nOiB0cnVlLFxufTtcblxuZXhwb3J0IGRlZmF1bHQgUGFuZWxCb2R5O1xuIl19 */",
                        "toString": [Function],
                      }
                    }
                  >
                    <div
                      className="css-7uw193-PanelBody"
                    >
                      <EmptyMessage>
                        <Component
                          className="css-1scmenn-EmptyMessage e1h3yfdx4"
                        >
                          <div
                            className="css-1scmenn-EmptyMessage e1h3yfdx4"
                            data-test-id="empty-message"
                          >
                            <Description
                              noMargin={true}
                            >
                              <div
                                className="css-1xokhf4-TextBlock-Description e1h3yfdx0"
                              >
                                No public integrations have been created yet.
                              </div>
                            </Description>
                          </div>
                        </Component>
                      </EmptyMessage>
                    </div>
                  </EmotionCssPropInternal>
                </PanelBody>
              </div>
            </Component>
          </Panel>
          <Panel>
            <Component
              className="css-15hwgrz-Panel e119nu470"
            >
              <div
                className="css-15hwgrz-Panel e119nu470"
              >
                <PanelHeader
                  hasButtons={true}
                >
                  <div
                    className="css-18hapaz-PanelHeader en8g1d30"
                  >
                    Internal Integrations
                    <Button
                      align="center"
                      disabled={false}
                      icon="icon-circle-add"
                      priority="primary"
                      size="small"
                      to="/settings/org-slug/developer-settings/new-internal/"
                    >
                      <StyledButton
                        aria-disabled={false}
                        aria-label="New Internal Integration"
                        disabled={false}
                        onClick={[Function]}
                        priority="primary"
                        role="button"
                        size="small"
                        to="/settings/org-slug/developer-settings/new-internal/"
                      >
                        <ForwardRef
                          aria-disabled={false}
                          aria-label="New Internal Integration"
                          className="css-17rayxn-StyledButton edwq9my0"
                          disabled={false}
                          onClick={[Function]}
                          priority="primary"
                          role="button"
                          size="small"
                          to="/settings/org-slug/developer-settings/new-internal/"
                        >
                          <Link
                            aria-disabled={false}
                            aria-label="New Internal Integration"
                            className="css-17rayxn-StyledButton edwq9my0"
                            onClick={[Function]}
                            onlyActiveOnIndex={false}
                            role="button"
                            size="small"
                            style={Object {}}
                            to="/settings/org-slug/developer-settings/new-internal/"
                          >
                            <a
                              aria-disabled={false}
                              aria-label="New Internal Integration"
                              className="css-17rayxn-StyledButton edwq9my0"
                              onClick={[Function]}
                              role="button"
                              size="small"
                              style={Object {}}
                            >
                              <ButtonLabel
                                align="center"
                                priority="primary"
                                size="small"
                              >
                                <Component
                                  align="center"
                                  className="css-19gcr2f-ButtonLabel edwq9my1"
                                  priority="primary"
                                  size="small"
                                >
                                  <span
                                    className="css-19gcr2f-ButtonLabel edwq9my1"
                                  >
                                    <Icon
                                      hasChildren={true}
                                      size="small"
                                    >
                                      <Component
                                        className="css-1299qb2-Icon edwq9my2"
                                        hasChildren={true}
                                        size="small"
                                      >
                                        <span
                                          className="css-1299qb2-Icon edwq9my2"
                                          size="small"
                                        >
                                          <StyledInlineSvg
                                            size="12px"
                                            src="icon-circle-add"
                                          >
                                            <ForwardRef
                                              className="css-1p65eyx-InlineSvg-StyledInlineSvg edwq9my3"
                                              size="12px"
                                              src="icon-circle-add"
                                            >
                                              <svg
                                                className="css-1p65eyx-InlineSvg-StyledInlineSvg edwq9my3"
                                                height="12px"
                                                viewBox={Object {}}
                                                width="12px"
                                              >
                                                <use
                                                  href="#test"
                                                  xlinkHref="#test"
                                                />
                                              </svg>
                                            </ForwardRef>
                                          </StyledInlineSvg>
                                        </span>
                                      </Component>
                                    </Icon>
                                    New Internal Integration
                                  </span>
                                </Component>
                              </ButtonLabel>
                            </a>
                          </Link>
                        </ForwardRef>
                      </StyledButton>
                    </Button>
                  </div>
                </PanelHeader>
                <PanelBody
                  direction="column"
                  disablePadding={true}
                  flex={false}
                >
                  <EmotionCssPropInternal
                    __EMOTION_LABEL_PLEASE_DO_NOT_USE__="PanelBody"
                    __EMOTION_TYPE_PLEASE_DO_NOT_USE__="div"
                    css={
                      Object {
                        "map": "/*# sourceMappingURL=data:application/json;charset=utf-8;base64,eyJ2ZXJzaW9uIjozLCJzb3VyY2VzIjpbInRleHQudHN4Il0sIm5hbWVzIjpbXSwibWFwcGluZ3MiOiJBQUdZIiwiZmlsZSI6InRleHQudHN4Iiwic291cmNlc0NvbnRlbnQiOlsiaW1wb3J0IHtjc3N9IGZyb20gJ0BlbW90aW9uL2NvcmUnO1xuXG5jb25zdCB0ZXh0U3R5bGVzID0gKCkgPT4ge1xuICByZXR1cm4gY3NzYFxuICAgIC8qIHN0eWxlbGludC1kaXNhYmxlIG5vLWRlc2NlbmRpbmctc3BlY2lmaWNpdHkgKi9cbiAgICBoMSxcbiAgICBoMixcbiAgICBoMyxcbiAgICBoNCxcbiAgICBoNSxcbiAgICBoNixcbiAgICBwLFxuICAgIHVsLFxuICAgIG9sLFxuICAgIHRhYmxlLFxuICAgIGRsLFxuICAgIGJsb2NrcXVvdGUsXG4gICAgZm9ybSxcbiAgICBwcmUsXG4gICAgLmF1dG8tc2VsZWN0LXRleHQsXG4gICAgLnNlY3Rpb24sXG4gICAgW2NsYXNzXj0naGlnaGxpZ2h0LSddIHtcbiAgICAgIG1hcmdpbi1ib3R0b206IDIwcHg7XG5cbiAgICAgICY6bGFzdC1jaGlsZCB7XG4gICAgICAgIG1hcmdpbi1ib3R0b206IDA7XG4gICAgICB9XG4gICAgfVxuXG4gICAgaDEsXG4gICAgaDIsXG4gICAgaDMsXG4gICAgaDQsXG4gICAgaDUsXG4gICAgaDYge1xuICAgICAgbGluZS1oZWlnaHQ6IDEuMjtcbiAgICB9XG5cbiAgICBwLFxuICAgIHVsLFxuICAgIG9sLFxuICAgIGJsb2NrcXVvdGUge1xuICAgICAgbGluZS1oZWlnaHQ6IDEuNTtcbiAgICB9XG5cbiAgICBoMSB7XG4gICAgICBmb250LXNpemU6IDJlbTtcbiAgICB9XG5cbiAgICBoMiB7XG4gICAgICBmb250LXNpemU6IDEuNzVlbTtcbiAgICB9XG5cbiAgICBoMyB7XG4gICAgICBmb250LXNpemU6IDEuNWVtO1xuICAgIH1cblxuICAgIGg0IHtcbiAgICAgIGZvbnQtc2l6ZTogMS4yNWVtO1xuICAgIH1cblxuICAgIGg1IHtcbiAgICAgIGZvbnQtc2l6ZTogMWVtO1xuICAgIH1cblxuICAgIHByZSB7XG4gICAgICB3b3JkLWJyZWFrOiBicmVhay1hbGw7XG4gICAgICB3aGl0ZS1zcGFjZTogcHJlLXdyYXA7XG4gICAgfVxuICAgIC8qIHN0eWxlbGludC1lbmFibGUgKi9cbiAgYDtcbn07XG5cbmV4cG9ydCBkZWZhdWx0IHRleHRTdHlsZXM7XG4iXX0= */",
                        "name": "7uw193-PanelBody",
                        "next": undefined,
                        "styles": "h1,h2,h3,h4,h5,h6,p,ul,ol,table,dl,blockquote,form,pre,.auto-select-text,.section,[class^='highlight-']{margin-bottom:20px;&:last-child{margin-bottom:0;}}h1,h2,h3,h4,h5,h6{line-height:1.2;}p,ul,ol,blockquote{line-height:1.5;}h1{font-size:2em;}h2{font-size:1.75em;}h3{font-size:1.5em;}h4{font-size:1.25em;}h5{font-size:1em;}pre{word-break:break-all;white-space:pre-wrap;};;label:PanelBody;/*# sourceMappingURL=data:application/json;charset=utf-8;base64,eyJ2ZXJzaW9uIjozLCJzb3VyY2VzIjpbInBhbmVsQm9keS5qc3giXSwibmFtZXMiOltdLCJtYXBwaW5ncyI6IkFBbUJNIiwiZmlsZSI6InBhbmVsQm9keS5qc3giLCJzb3VyY2VzQ29udGVudCI6WyJpbXBvcnQge2Nzc30gZnJvbSAnQGVtb3Rpb24vY29yZSc7XG5pbXBvcnQge0ZsZXh9IGZyb20gJ0ByZWJhc3MvZ3JpZC9lbW90aW9uJztcbmltcG9ydCBQcm9wVHlwZXMgZnJvbSAncHJvcC10eXBlcyc7XG5pbXBvcnQgUmVhY3QgZnJvbSAncmVhY3QnO1xuXG5pbXBvcnQgc3BhY2UgZnJvbSAnYXBwL3N0eWxlcy9zcGFjZSc7XG5pbXBvcnQgdGV4dFN0eWxlcyBmcm9tICdhcHAvc3R5bGVzL3RleHQnO1xuXG5jb25zdCBQYW5lbEJvZHkgPSAoe2Rpc2FibGVQYWRkaW5nLCBmbGV4LCBkaXJlY3Rpb24sIC4uLnByb3BzfSkgPT4ge1xuICBjb25zdCBwYWRkaW5nID0gIWRpc2FibGVQYWRkaW5nXG4gICAgPyBjc3NgXG4gICAgICAgIHBhZGRpbmc6ICR7c3BhY2UoMil9O1xuICAgICAgYFxuICAgIDogJyc7XG4gIGNvbnN0IGZsZXhEaXJlY3Rpb24gPSBmbGV4ID8gZGlyZWN0aW9uIDogdW5kZWZpbmVkO1xuICBjb25zdCBDb21wID0gZmxleCA/IEZsZXggOiAnZGl2JztcblxuICByZXR1cm4gKFxuICAgIDxDb21wXG4gICAgICBjc3M9e1t0ZXh0U3R5bGVzKHByb3BzKSwgcGFkZGluZ119XG4gICAgICB7Li4ucHJvcHN9XG4gICAgICB7Li4uKGZsZXhEaXJlY3Rpb24gPyB7ZmxleERpcmVjdGlvbn0gOiBudWxsKX1cbiAgICAvPlxuICApO1xufTtcblxuUGFuZWxCb2R5LnByb3BUeXBlcyA9IHtcbiAgZmxleDogUHJvcFR5cGVzLmJvb2wsXG4gIGRpcmVjdGlvbjogUHJvcFR5cGVzLnN0cmluZyxcbiAgZGlzYWJsZVBhZGRpbmc6IFByb3BUeXBlcy5ib29sLFxufTtcblxuUGFuZWxCb2R5LmRlZmF1bHRQcm9wcyA9IHtcbiAgZmxleDogZmFsc2UsXG4gIGRpcmVjdGlvbjogJ2NvbHVtbicsXG4gIGRpc2FibGVQYWRkaW5nOiB0cnVlLFxufTtcblxuZXhwb3J0IGRlZmF1bHQgUGFuZWxCb2R5O1xuIl19 */",
                        "toString": [Function],
                      }
                    }
                  >
                    <div
                      className="css-7uw193-PanelBody"
                    >
                      <EmptyMessage>
                        <Component
                          className="css-1scmenn-EmptyMessage e1h3yfdx4"
                        >
                          <div
                            className="css-1scmenn-EmptyMessage e1h3yfdx4"
                            data-test-id="empty-message"
                          >
                            <Description
                              noMargin={true}
                            >
                              <div
                                className="css-1xokhf4-TextBlock-Description e1h3yfdx0"
                              >
                                No internal integrations have been created yet.
                              </div>
                            </Description>
                          </div>
                        </Component>
                      </EmptyMessage>
                    </div>
                  </EmotionCssPropInternal>
                </PanelBody>
              </div>
            </Component>
          </Panel>
        </div>
      </DocumentTitle>
    </SideEffect(DocumentTitle)>
  </OrganizationDeveloperSettings>
</WithOrganizationMockWrapper>
`;
