// Jest Snapshot v1, https://goo.gl/fbAQLP

exports[`AccountSubscriptions renders empty 1`] = `
<SideEffect(DocumentTitle)
  title="Subscriptions - Sentry"
>
  <div>
    <StyledSettingsPageHeading
      noTitleStyles={false}
      title="Subscriptions"
    />
    <TextBlock>
      Sentry is committed to respecting your inbox. Our goal is to provide useful content and resources that make fixing errors less painful. Enjoyable even.
    </TextBlock>
    <TextBlock>
      As part of our compliance with the EU’s General Data Protection Regulation (GDPR), starting on 25 May 2018, we’ll only email you according to the marketing categories to which you’ve explicitly opted-in.
    </TextBlock>
    <Panel>
      <EmptyMessage>
        There's no subscription backend present.
      </EmptyMessage>
    </Panel>
    <TextBlock>
      We’re applying GDPR consent and privacy policies to all Sentry contacts, regardless of location. You’ll be able to manage your subscriptions here and from an Unsubscribe link in the footer of all marketing emails.
    </TextBlock>
    <TextBlock>
      Please contact 
      <a
        href="mailto:learn@sentry.io"
      >
        learn@sentry.io
      </a>
       with any questions or suggestions.
    </TextBlock>
  </div>
</SideEffect(DocumentTitle)>
`;

exports[`AccountSubscriptions renders list and can toggle 1`] = `
<AccountSubscriptions>
  <SideEffect(DocumentTitle)
    title="Subscriptions - Sentry"
  >
    <DocumentTitle
      title="Subscriptions - Sentry"
    >
      <div>
        <StyledSettingsPageHeading
          noTitleStyles={false}
          title="Subscriptions"
        >
          <SettingsPageHeading
            className="css-xtfhnp-StyledSettingsPageHeading e1uay4fd4"
            noTitleStyles={false}
            title="Subscriptions"
          >
            <div
              className="css-xtfhnp-StyledSettingsPageHeading e1uay4fd4"
            >
              <TitleAndActions>
                <div
                  className="css-ifzfc5-TitleAndActions e1uay4fd0"
                >
                  <Title
                    styled={false}
                  >
                    <div
                      className="css-120v9s3-Title e1uay4fd1"
                    >
                      <HeaderTitle>
                        <h4
                          className="css-1bosio6-HeaderTitle eqkydle2"
                        >
                          Subscriptions
                        </h4>
                      </HeaderTitle>
                    </div>
                  </Title>
                </div>
              </TitleAndActions>
            </div>
          </SettingsPageHeading>
        </StyledSettingsPageHeading>
        <TextBlock>
          <div
            className="css-1j3tvli-TextBlock e1x1lar10"
          >
            Sentry is committed to respecting your inbox. Our goal is to provide useful content and resources that make fixing errors less painful. Enjoyable even.
          </div>
        </TextBlock>
        <TextBlock>
          <div
            className="css-1j3tvli-TextBlock e1x1lar10"
          >
            As part of our compliance with the EU’s General Data Protection Regulation (GDPR), starting on 25 May 2018, we’ll only email you according to the marketing categories to which you’ve explicitly opted-in.
          </div>
        </TextBlock>
        <Panel>
          <Component
            className="css-15hwgrz-Panel e119nu470"
          >
            <div
              className="css-15hwgrz-Panel e119nu470"
            >
              <div>
                <PanelHeader>
                  <div
                    className="css-xaplc5-PanelHeader en8g1d30"
                  >
                    Subscription
                  </div>
                </PanelHeader>
                <PanelBody
                  direction="column"
                  disablePadding={true}
                  flex={false}
                >
                  <EmotionCssPropInternal
                    __EMOTION_LABEL_PLEASE_DO_NOT_USE__="PanelBody"
                    __EMOTION_TYPE_PLEASE_DO_NOT_USE__="div"
                    css={
                      Object {
                        "map": "/*# sourceMappingURL=data:application/json;charset=utf-8;base64,eyJ2ZXJzaW9uIjozLCJzb3VyY2VzIjpbInRleHQudHN4Il0sIm5hbWVzIjpbXSwibWFwcGluZ3MiOiJBQUdZIiwiZmlsZSI6InRleHQudHN4Iiwic291cmNlc0NvbnRlbnQiOlsiaW1wb3J0IHtjc3N9IGZyb20gJ0BlbW90aW9uL2NvcmUnO1xuXG5jb25zdCB0ZXh0U3R5bGVzID0gKCkgPT4ge1xuICByZXR1cm4gY3NzYFxuICAgIC8qIHN0eWxlbGludC1kaXNhYmxlIG5vLWRlc2NlbmRpbmctc3BlY2lmaWNpdHkgKi9cbiAgICBoMSxcbiAgICBoMixcbiAgICBoMyxcbiAgICBoNCxcbiAgICBoNSxcbiAgICBoNixcbiAgICBwLFxuICAgIHVsLFxuICAgIG9sLFxuICAgIHRhYmxlLFxuICAgIGRsLFxuICAgIGJsb2NrcXVvdGUsXG4gICAgZm9ybSxcbiAgICBwcmUsXG4gICAgLmF1dG8tc2VsZWN0LXRleHQsXG4gICAgLnNlY3Rpb24sXG4gICAgW2NsYXNzXj0naGlnaGxpZ2h0LSddIHtcbiAgICAgIG1hcmdpbi1ib3R0b206IDIwcHg7XG5cbiAgICAgICY6bGFzdC1jaGlsZCB7XG4gICAgICAgIG1hcmdpbi1ib3R0b206IDA7XG4gICAgICB9XG4gICAgfVxuXG4gICAgaDEsXG4gICAgaDIsXG4gICAgaDMsXG4gICAgaDQsXG4gICAgaDUsXG4gICAgaDYge1xuICAgICAgbGluZS1oZWlnaHQ6IDEuMjtcbiAgICB9XG5cbiAgICBwLFxuICAgIHVsLFxuICAgIG9sLFxuICAgIGJsb2NrcXVvdGUge1xuICAgICAgbGluZS1oZWlnaHQ6IDEuNTtcbiAgICB9XG5cbiAgICBoMSB7XG4gICAgICBmb250LXNpemU6IDJlbTtcbiAgICB9XG5cbiAgICBoMiB7XG4gICAgICBmb250LXNpemU6IDEuNzVlbTtcbiAgICB9XG5cbiAgICBoMyB7XG4gICAgICBmb250LXNpemU6IDEuNWVtO1xuICAgIH1cblxuICAgIGg0IHtcbiAgICAgIGZvbnQtc2l6ZTogMS4yNWVtO1xuICAgIH1cblxuICAgIGg1IHtcbiAgICAgIGZvbnQtc2l6ZTogMWVtO1xuICAgIH1cblxuICAgIHByZSB7XG4gICAgICB3b3JkLWJyZWFrOiBicmVhay1hbGw7XG4gICAgICB3aGl0ZS1zcGFjZTogcHJlLXdyYXA7XG4gICAgfVxuICAgIC8qIHN0eWxlbGludC1lbmFibGUgKi9cbiAgYDtcbn07XG5cbmV4cG9ydCBkZWZhdWx0IHRleHRTdHlsZXM7XG4iXX0= */",
                        "name": "7uw193-PanelBody",
                        "next": undefined,
                        "styles": "h1,h2,h3,h4,h5,h6,p,ul,ol,table,dl,blockquote,form,pre,.auto-select-text,.section,[class^='highlight-']{margin-bottom:20px;&:last-child{margin-bottom:0;}}h1,h2,h3,h4,h5,h6{line-height:1.2;}p,ul,ol,blockquote{line-height:1.5;}h1{font-size:2em;}h2{font-size:1.75em;}h3{font-size:1.5em;}h4{font-size:1.25em;}h5{font-size:1em;}pre{word-break:break-all;white-space:pre-wrap;};;label:PanelBody;/*# sourceMappingURL=data:application/json;charset=utf-8;base64,eyJ2ZXJzaW9uIjozLCJzb3VyY2VzIjpbInBhbmVsQm9keS5qc3giXSwibmFtZXMiOltdLCJtYXBwaW5ncyI6IkFBbUJNIiwiZmlsZSI6InBhbmVsQm9keS5qc3giLCJzb3VyY2VzQ29udGVudCI6WyJpbXBvcnQge2Nzc30gZnJvbSAnQGVtb3Rpb24vY29yZSc7XG5pbXBvcnQge0ZsZXh9IGZyb20gJ0ByZWJhc3MvZ3JpZC9lbW90aW9uJztcbmltcG9ydCBQcm9wVHlwZXMgZnJvbSAncHJvcC10eXBlcyc7XG5pbXBvcnQgUmVhY3QgZnJvbSAncmVhY3QnO1xuXG5pbXBvcnQgc3BhY2UgZnJvbSAnYXBwL3N0eWxlcy9zcGFjZSc7XG5pbXBvcnQgdGV4dFN0eWxlcyBmcm9tICdhcHAvc3R5bGVzL3RleHQnO1xuXG5jb25zdCBQYW5lbEJvZHkgPSAoe2Rpc2FibGVQYWRkaW5nLCBmbGV4LCBkaXJlY3Rpb24sIC4uLnByb3BzfSkgPT4ge1xuICBjb25zdCBwYWRkaW5nID0gIWRpc2FibGVQYWRkaW5nXG4gICAgPyBjc3NgXG4gICAgICAgIHBhZGRpbmc6ICR7c3BhY2UoMil9O1xuICAgICAgYFxuICAgIDogJyc7XG4gIGNvbnN0IGZsZXhEaXJlY3Rpb24gPSBmbGV4ID8gZGlyZWN0aW9uIDogdW5kZWZpbmVkO1xuICBjb25zdCBDb21wID0gZmxleCA/IEZsZXggOiAnZGl2JztcblxuICByZXR1cm4gKFxuICAgIDxDb21wXG4gICAgICBjc3M9e1t0ZXh0U3R5bGVzKHByb3BzKSwgcGFkZGluZ119XG4gICAgICB7Li4ucHJvcHN9XG4gICAgICB7Li4uKGZsZXhEaXJlY3Rpb24gPyB7ZmxleERpcmVjdGlvbn0gOiBudWxsKX1cbiAgICAvPlxuICApO1xufTtcblxuUGFuZWxCb2R5LnByb3BUeXBlcyA9IHtcbiAgZmxleDogUHJvcFR5cGVzLmJvb2wsXG4gIGRpcmVjdGlvbjogUHJvcFR5cGVzLnN0cmluZyxcbiAgZGlzYWJsZVBhZGRpbmc6IFByb3BUeXBlcy5ib29sLFxufTtcblxuUGFuZWxCb2R5LmRlZmF1bHRQcm9wcyA9IHtcbiAgZmxleDogZmFsc2UsXG4gIGRpcmVjdGlvbjogJ2NvbHVtbicsXG4gIGRpc2FibGVQYWRkaW5nOiB0cnVlLFxufTtcblxuZXhwb3J0IGRlZmF1bHQgUGFuZWxCb2R5O1xuIl19 */",
                        "toString": [Function],
                      }
                    }
                  >
                    <div
                      className="css-7uw193-PanelBody"
                    >
                      <PanelItem
                        alignItems="center"
                        key="2"
                        p={2}
                      >
                        <div
                          className="css-10g90vg-PanelItem eo8n7lk0"
                        >
                          <Box
                            pr={2}
                            width={0.5}
                          >
                            <div
                              className="css-k6zv7a"
                              width={0.5}
                            >
                              <SubscriptionName>
                                <div
                                  className="css-hqhyap-SubscriptionName er83abj0"
                                >
                                  Product & Feature Updates
                                </div>
                              </SubscriptionName>
                              <Description>
                                <div
                                  className="css-nc4ode-Description er83abj1"
                                >
                                  Everything you need to know about Sentry features, integrations, partnerships, and launches.
                                </div>
                              </Description>
                              <SubscribedDescription>
                                <div
                                  className="css-r2vflp-Description-SubscribedDescription er83abj2"
                                >
                                  <div>
                                    test@sentry.io
                                     on
                                     
                                    <DateTime
                                      date="2018-01-08T05:14:59.102Z"
                                      seconds={true}
                                      shortDate={true}
                                    >
                                      <time>
                                        01/08/2018
                                      </time>
                                    </DateTime>
                                  </div>
                                </div>
                              </SubscribedDescription>
                            </div>
                          </Box>
                          <Box>
                            <div
                              className="css-roynbj"
                            >
                              <Switch
                                isActive={true}
                                size="lg"
                                toggle={[Function]}
                              >
                                <SwitchButton
                                  aria-checked={true}
                                  data-test-id="switch"
                                  isActive={true}
                                  onClick={[Function]}
                                  role="checkbox"
                                  size="lg"
                                  type="button"
                                >
                                  <button
                                    aria-checked={true}
                                    className="css-nsv6v6-SwitchButton ezmyi9u0"
                                    data-test-id="switch"
                                    onClick={[Function]}
                                    role="checkbox"
                                    size="lg"
                                    type="button"
                                  >
                                    <Toggle
                                      isActive={true}
                                      size="lg"
                                    >
                                      <span
                                        className="css-kwqtwq-Toggle ezmyi9u1"
                                        size="lg"
                                      />
                                    </Toggle>
                                  </button>
                                </SwitchButton>
                              </Switch>
                            </div>
                          </Box>
                        </div>
                      </PanelItem>
                      <PanelItem
                        alignItems="center"
                        key="1"
                        p={2}
                      >
                        <div
                          className="css-10g90vg-PanelItem eo8n7lk0"
                        >
                          <Box
                            pr={2}
                            width={0.5}
                          >
                            <div
                              className="css-k6zv7a"
                              width={0.5}
                            >
                              <SubscriptionName>
                                <div
                                  className="css-hqhyap-SubscriptionName er83abj0"
                                >
                                  Sentry Newsletter
                                </div>
                              </SubscriptionName>
                              <Description>
                                <div
                                  className="css-nc4ode-Description er83abj1"
                                >
                                  Our monthly update on what's new with Sentry and the community.
                                </div>
                              </Description>
                              <SubscribedDescription>
                                <div
                                  className="css-r2vflp-Description-SubscribedDescription er83abj2"
                                >
                                  Not currently subscribed
                                </div>
                              </SubscribedDescription>
                            </div>
                          </Box>
                          <Box>
                            <div
                              className="css-roynbj"
                            >
                              <Switch
                                isActive={false}
                                size="lg"
                                toggle={[Function]}
                              >
                                <SwitchButton
                                  aria-checked={false}
                                  data-test-id="switch"
                                  isActive={false}
                                  onClick={[Function]}
                                  role="checkbox"
                                  size="lg"
                                  type="button"
                                >
                                  <button
                                    aria-checked={false}
                                    className="css-1tqvyh8-SwitchButton ezmyi9u0"
                                    data-test-id="switch"
                                    onClick={[Function]}
                                    role="checkbox"
                                    size="lg"
                                    type="button"
                                  >
                                    <Toggle
                                      isActive={false}
                                      size="lg"
                                    >
                                      <span
                                        className="css-j7jjrc-Toggle ezmyi9u1"
                                        size="lg"
                                      />
                                    </Toggle>
                                  </button>
                                </SwitchButton>
                              </Switch>
                            </div>
                          </Box>
                        </div>
                      </PanelItem>
                       
                    </div>
                  </EmotionCssPropInternal>
                </PanelBody>
              </div>
            </div>
          </Component>
        </Panel>
        <TextBlock>
          <div
            className="css-1j3tvli-TextBlock e1x1lar10"
          >
            We’re applying GDPR consent and privacy policies to all Sentry contacts, regardless of location. You’ll be able to manage your subscriptions here and from an Unsubscribe link in the footer of all marketing emails.
          </div>
        </TextBlock>
        <TextBlock>
          <div
            className="css-1j3tvli-TextBlock e1x1lar10"
          >
            Please contact 
            <a
              href="mailto:learn@sentry.io"
            >
              learn@sentry.io
            </a>
             with any questions or suggestions.
          </div>
        </TextBlock>
      </div>
    </DocumentTitle>
  </SideEffect(DocumentTitle)>
</AccountSubscriptions>
`;
