// Jest Snapshot v1, https://goo.gl/fbAQLP

exports[`ProjectPluginDetails renders 1`] = `
<WithOrganizationMockWrapper
  location={
    Object {
      "pathame": "/mock-pathname/",
      "query": Object {},
    }
  }
  organization={
    Object {
      "access": Array [
        "org:read",
        "org:write",
        "org:admin",
        "org:integrations",
        "project:read",
        "project:write",
        "project:admin",
        "team:read",
        "team:write",
        "team:admin",
      ],
      "features": Array [],
      "id": "3",
      "name": "Organization Name",
      "onboardingTasks": Array [],
      "projects": Array [],
      "scrapeJavaScript": true,
      "slug": "org-slug",
      "status": Object {
        "id": "active",
        "name": "active",
      },
      "teams": Array [],
    }
  }
  params={
    Object {
      "orgId": "org-slug",
      "pluginId": "amazon-sqs",
      "projectId": "project-slug",
    }
  }
  project={
    Object {
      "environments": Array [],
      "hasAccess": true,
      "id": "2",
      "isBookmarked": false,
      "isMember": true,
      "name": "Project Name",
      "slug": "project-slug",
      "teams": Array [],
    }
  }
>
  <withProject(withPlugins(ProjectPluginDetails))
    location={
      Object {
        "pathame": "/mock-pathname/",
        "query": Object {},
      }
    }
    organization={
      Object {
        "access": Array [
          "org:read",
          "org:write",
          "org:admin",
          "org:integrations",
          "project:read",
          "project:write",
          "project:admin",
          "team:read",
          "team:write",
          "team:admin",
        ],
        "features": Array [],
        "id": "3",
        "name": "Organization Name",
        "onboardingTasks": Array [],
        "projects": Array [],
        "scrapeJavaScript": true,
        "slug": "org-slug",
        "status": Object {
          "id": "active",
          "name": "active",
        },
        "teams": Array [],
      }
    }
    params={
      Object {
        "orgId": "org-slug",
        "pluginId": "amazon-sqs",
        "projectId": "project-slug",
      }
    }
    project={
      Object {
        "environments": Array [],
        "hasAccess": true,
        "id": "2",
        "isBookmarked": false,
        "isMember": true,
        "name": "Project Name",
        "slug": "project-slug",
        "teams": Array [],
      }
    }
  >
    <withPlugins(ProjectPluginDetails)
      location={
        Object {
          "pathame": "/mock-pathname/",
          "query": Object {},
        }
      }
      organization={
        Object {
          "access": Array [
            "org:read",
            "org:write",
            "org:admin",
            "org:integrations",
            "project:read",
            "project:write",
            "project:admin",
            "team:read",
            "team:write",
            "team:admin",
          ],
          "features": Array [],
          "id": "3",
          "name": "Organization Name",
          "onboardingTasks": Array [],
          "projects": Array [],
          "scrapeJavaScript": true,
          "slug": "org-slug",
          "status": Object {
            "id": "active",
            "name": "active",
          },
          "teams": Array [],
        }
      }
      params={
        Object {
          "orgId": "org-slug",
          "pluginId": "amazon-sqs",
          "projectId": "project-slug",
        }
      }
      project={
        Object {
          "environments": Array [],
          "hasAccess": true,
          "id": "2",
          "isBookmarked": false,
          "isMember": true,
          "name": "Project Name",
          "slug": "project-slug",
          "teams": Array [],
        }
      }
    >
      <ProjectPluginDetails
        location={
          Object {
            "pathame": "/mock-pathname/",
            "query": Object {},
          }
        }
        organization={
          Object {
            "access": Array [
              "org:read",
              "org:write",
              "org:admin",
              "org:integrations",
              "project:read",
              "project:write",
              "project:admin",
              "team:read",
              "team:write",
              "team:admin",
            ],
            "features": Array [],
            "id": "3",
            "name": "Organization Name",
            "onboardingTasks": Array [],
            "projects": Array [],
            "scrapeJavaScript": true,
            "slug": "org-slug",
            "status": Object {
              "id": "active",
              "name": "active",
            },
            "teams": Array [],
          }
        }
        params={
          Object {
            "orgId": "org-slug",
            "pluginId": "amazon-sqs",
            "projectId": "project-slug",
          }
        }
        plugins={
          Object {
            "error": null,
            "loading": true,
            "pageLinks": null,
            "plugins": Array [],
          }
        }
        project={
          Object {
            "environments": Array [],
            "hasAccess": true,
            "id": "2",
            "isBookmarked": false,
            "isMember": true,
            "name": "Project Name",
            "slug": "project-slug",
            "teams": Array [],
          }
        }
      >
        <SideEffect(DocumentTitle)
          title="Sentry - Sentry"
        >
          <DocumentTitle
            title="Sentry - Sentry"
          >
            <div>
              <StyledSettingsPageHeading
                action={
                  <div
                    className="pull-right"
                  >
                    <Button
                      align="center"
                      disabled={false}
                      onClick={[Function]}
                      size="small"
                      style={
                        Object {
                          "marginRight": "6px",
                        }
                      }
                    >
                      Enable Plugin
                    </Button>
                    <Button
                      align="center"
                      disabled={false}
                      onClick={[Function]}
                      size="small"
                    >
                      Reset Configuration
                    </Button>
                  </div>
                }
                noTitleStyles={false}
                title="Amazon SQS"
              >
                <SettingsPageHeading
                  action={
                    <div
                      className="pull-right"
                    >
                      <Button
                        align="center"
                        disabled={false}
                        onClick={[Function]}
                        size="small"
                        style={
                          Object {
                            "marginRight": "6px",
                          }
                        }
                      >
                        Enable Plugin
                      </Button>
                      <Button
                        align="center"
                        disabled={false}
                        onClick={[Function]}
                        size="small"
                      >
                        Reset Configuration
                      </Button>
                    </div>
                  }
                  className="css-xtfhnp-StyledSettingsPageHeading e1uay4fd4"
                  noTitleStyles={false}
                  title="Amazon SQS"
                >
                  <div
                    className="css-xtfhnp-StyledSettingsPageHeading e1uay4fd4"
                  >
                    <TitleAndActions>
                      <div
                        className="css-ifzfc5-TitleAndActions e1uay4fd0"
                      >
                        <Title
                          styled={false}
                        >
                          <div
                            className="css-120v9s3-Title e1uay4fd1"
                          >
                            <HeaderTitle>
                              <h4
                                className="css-1bosio6-HeaderTitle eqkydle2"
                              >
                                Amazon SQS
                              </h4>
                            </HeaderTitle>
                          </div>
                        </Title>
                        <Action>
                          <div
                            className="css-au7gsx-Action e1uay4fd3"
                          >
                            <div
                              className="pull-right"
                            >
                              <Button
                                align="center"
                                disabled={false}
                                onClick={[Function]}
                                size="small"
                                style={
                                  Object {
                                    "marginRight": "6px",
                                  }
                                }
                              >
                                <StyledButton
                                  aria-disabled={false}
                                  aria-label="Enable Plugin"
                                  disabled={false}
                                  onClick={[Function]}
                                  role="button"
                                  size="small"
                                  style={
                                    Object {
                                      "marginRight": "6px",
                                    }
                                  }
                                >
                                  <ForwardRef
                                    aria-disabled={false}
                                    aria-label="Enable Plugin"
                                    className="css-zv3cf1-StyledButton edwq9my0"
                                    disabled={false}
                                    onClick={[Function]}
                                    role="button"
                                    size="small"
                                    style={
                                      Object {
                                        "marginRight": "6px",
                                      }
                                    }
                                  >
                                    <button
                                      aria-disabled={false}
                                      aria-label="Enable Plugin"
                                      className="css-zv3cf1-StyledButton edwq9my0"
                                      onClick={[Function]}
                                      role="button"
                                      size="small"
                                      style={
                                        Object {
                                          "marginRight": "6px",
                                        }
                                      }
                                    >
                                      <ButtonLabel
                                        align="center"
                                        size="small"
                                      >
                                        <Component
                                          align="center"
                                          className="css-19gcr2f-ButtonLabel edwq9my1"
                                          size="small"
                                        >
                                          <span
                                            className="css-19gcr2f-ButtonLabel edwq9my1"
                                          >
                                            Enable Plugin
                                          </span>
                                        </Component>
                                      </ButtonLabel>
                                    </button>
                                  </ForwardRef>
                                </StyledButton>
                              </Button>
                              <Button
                                align="center"
                                disabled={false}
                                onClick={[Function]}
                                size="small"
                              >
                                <StyledButton
                                  aria-disabled={false}
                                  aria-label="Reset Configuration"
                                  disabled={false}
                                  onClick={[Function]}
                                  role="button"
                                  size="small"
                                >
                                  <ForwardRef
                                    aria-disabled={false}
                                    aria-label="Reset Configuration"
                                    className="css-zv3cf1-StyledButton edwq9my0"
                                    disabled={false}
                                    onClick={[Function]}
                                    role="button"
                                    size="small"
                                  >
                                    <button
                                      aria-disabled={false}
                                      aria-label="Reset Configuration"
                                      className="css-zv3cf1-StyledButton edwq9my0"
                                      onClick={[Function]}
                                      role="button"
                                      size="small"
                                    >
                                      <ButtonLabel
                                        align="center"
                                        size="small"
                                      >
                                        <Component
                                          align="center"
                                          className="css-19gcr2f-ButtonLabel edwq9my1"
                                          size="small"
                                        >
                                          <span
                                            className="css-19gcr2f-ButtonLabel edwq9my1"
                                          >
                                            Reset Configuration
                                          </span>
                                        </Component>
                                      </ButtonLabel>
                                    </button>
                                  </ForwardRef>
                                </StyledButton>
                              </Button>
                            </div>
                          </div>
                        </Action>
                      </div>
                    </TitleAndActions>
                  </div>
                </SettingsPageHeading>
              </StyledSettingsPageHeading>
              <div
                className="row"
              >
                <div
                  className="col-md-7"
                >
                  <withApi(PluginConfig)
                    data={
                      Object {
                        "assets": Array [],
                        "author": Object {
                          "name": "Sentry Team",
                          "url": "https://github.com/getsentry/sentry",
                        },
                        "canDisable": true,
                        "enabled": false,
                        "hasConfiguration": true,
                        "id": "amazon-sqs",
                        "isHidden": false,
                        "name": "Amazon SQS",
                        "slug": "amazon-sqs",
                        "version": "8.23.0.dev0",
                      }
                    }
                    enabled={false}
                    onDisablePlugin={[Function]}
                    organization={
                      Object {
                        "access": Array [
                          "org:read",
                          "org:write",
                          "org:admin",
                          "org:integrations",
                          "project:read",
                          "project:write",
                          "project:admin",
                          "team:read",
                          "team:write",
                          "team:admin",
                        ],
                        "features": Array [],
                        "id": "3",
                        "name": "Organization Name",
                        "onboardingTasks": Array [],
                        "projects": Array [],
                        "scrapeJavaScript": true,
                        "slug": "org-slug",
                        "status": Object {
                          "id": "active",
                          "name": "active",
                        },
                        "teams": Array [],
                      }
                    }
                    project={
                      Object {
                        "environments": Array [],
                        "hasAccess": true,
                        "id": "2",
                        "isBookmarked": false,
                        "isMember": true,
                        "name": "Project Name",
                        "slug": "project-slug",
                        "teams": Array [],
                      }
                    }
                  >
                    <PluginConfig
                      api={
                        Client {
                          "_chain": [Function],
                          "_wrapRequest": [Function],
                          "bulkUpdate": [Function],
                          "handleRequestError": [Function],
                          "hasProjectBeenRenamed": [Function],
                        }
                      }
                      data={
                        Object {
                          "assets": Array [],
                          "author": Object {
                            "name": "Sentry Team",
                            "url": "https://github.com/getsentry/sentry",
                          },
                          "canDisable": true,
                          "enabled": false,
                          "hasConfiguration": true,
                          "id": "amazon-sqs",
                          "isHidden": false,
                          "name": "Amazon SQS",
                          "slug": "amazon-sqs",
                          "version": "8.23.0.dev0",
                        }
                      }
                      enabled={false}
                      onDisablePlugin={[Function]}
                      organization={
                        Object {
                          "access": Array [
                            "org:read",
                            "org:write",
                            "org:admin",
                            "org:integrations",
                            "project:read",
                            "project:write",
                            "project:admin",
                            "team:read",
                            "team:write",
                            "team:admin",
                          ],
                          "features": Array [],
                          "id": "3",
                          "name": "Organization Name",
                          "onboardingTasks": Array [],
                          "projects": Array [],
                          "scrapeJavaScript": true,
                          "slug": "org-slug",
                          "status": Object {
                            "id": "active",
                            "name": "active",
                          },
                          "teams": Array [],
                        }
                      }
                      project={
                        Object {
                          "environments": Array [],
                          "hasAccess": true,
                          "id": "2",
                          "isBookmarked": false,
                          "isMember": true,
                          "name": "Project Name",
                          "slug": "project-slug",
                          "teams": Array [],
                        }
                      }
                    >
                      <Panel
                        className="plugin-config ref-plugin-config-amazon-sqs"
                      >
                        <Component
                          className="plugin-config ref-plugin-config-amazon-sqs css-15hwgrz-Panel e119nu470"
                        >
                          <div
                            className="plugin-config ref-plugin-config-amazon-sqs css-15hwgrz-Panel e119nu470"
                          >
                            <PanelHeader
                              hasButtons={true}
                            >
                              <div
                                className="css-18hapaz-PanelHeader en8g1d30"
                              >
                                <PluginName>
                                  <div
                                    className="css-1wbtb06-PluginName e1ueudyh0"
                                  >
                                    <StyledPluginIcon
                                      pluginId="amazon-sqs"
                                      size={20}
                                    >
                                      <div
                                        className="css-1mw63l-PluginIcon-StyledPluginIcon e1ueudyh1"
                                        size={20}
                                      />
                                    </StyledPluginIcon>
                                    <span>
                                      Amazon SQS
                                    </span>
                                  </div>
                                </PluginName>
                              </div>
                            </PanelHeader>
                            <StyledPanelBody
                              direction="column"
                              disablePadding={true}
                              flex={false}
                            >
                              <PanelBody
                                className="css-1b3dypq-StyledPanelBody e1ueudyh4"
                                direction="column"
                                disablePadding={true}
                                flex={false}
                              >
                                <EmotionCssPropInternal
                                  __EMOTION_LABEL_PLEASE_DO_NOT_USE__="PanelBody"
                                  __EMOTION_TYPE_PLEASE_DO_NOT_USE__="div"
                                  className="css-1b3dypq-StyledPanelBody e1ueudyh4"
                                  css={
                                    Object {
                                      "map": "/*# sourceMappingURL=data:application/json;charset=utf-8;base64,eyJ2ZXJzaW9uIjozLCJzb3VyY2VzIjpbInRleHQudHN4Il0sIm5hbWVzIjpbXSwibWFwcGluZ3MiOiJBQUdZIiwiZmlsZSI6InRleHQudHN4Iiwic291cmNlc0NvbnRlbnQiOlsiaW1wb3J0IHtjc3N9IGZyb20gJ0BlbW90aW9uL2NvcmUnO1xuXG5jb25zdCB0ZXh0U3R5bGVzID0gKCkgPT4ge1xuICByZXR1cm4gY3NzYFxuICAgIC8qIHN0eWxlbGludC1kaXNhYmxlIG5vLWRlc2NlbmRpbmctc3BlY2lmaWNpdHkgKi9cbiAgICBoMSxcbiAgICBoMixcbiAgICBoMyxcbiAgICBoNCxcbiAgICBoNSxcbiAgICBoNixcbiAgICBwLFxuICAgIHVsLFxuICAgIG9sLFxuICAgIHRhYmxlLFxuICAgIGRsLFxuICAgIGJsb2NrcXVvdGUsXG4gICAgZm9ybSxcbiAgICBwcmUsXG4gICAgLmF1dG8tc2VsZWN0LXRleHQsXG4gICAgLnNlY3Rpb24sXG4gICAgW2NsYXNzXj0naGlnaGxpZ2h0LSddIHtcbiAgICAgIG1hcmdpbi1ib3R0b206IDIwcHg7XG5cbiAgICAgICY6bGFzdC1jaGlsZCB7XG4gICAgICAgIG1hcmdpbi1ib3R0b206IDA7XG4gICAgICB9XG4gICAgfVxuXG4gICAgaDEsXG4gICAgaDIsXG4gICAgaDMsXG4gICAgaDQsXG4gICAgaDUsXG4gICAgaDYge1xuICAgICAgbGluZS1oZWlnaHQ6IDEuMjtcbiAgICB9XG5cbiAgICBwLFxuICAgIHVsLFxuICAgIG9sLFxuICAgIGJsb2NrcXVvdGUge1xuICAgICAgbGluZS1oZWlnaHQ6IDEuNTtcbiAgICB9XG5cbiAgICBoMSB7XG4gICAgICBmb250LXNpemU6IDJlbTtcbiAgICB9XG5cbiAgICBoMiB7XG4gICAgICBmb250LXNpemU6IDEuNzVlbTtcbiAgICB9XG5cbiAgICBoMyB7XG4gICAgICBmb250LXNpemU6IDEuNWVtO1xuICAgIH1cblxuICAgIGg0IHtcbiAgICAgIGZvbnQtc2l6ZTogMS4yNWVtO1xuICAgIH1cblxuICAgIGg1IHtcbiAgICAgIGZvbnQtc2l6ZTogMWVtO1xuICAgIH1cblxuICAgIHByZSB7XG4gICAgICB3b3JkLWJyZWFrOiBicmVhay1hbGw7XG4gICAgICB3aGl0ZS1zcGFjZTogcHJlLXdyYXA7XG4gICAgfVxuICAgIC8qIHN0eWxlbGludC1lbmFibGUgKi9cbiAgYDtcbn07XG5cbmV4cG9ydCBkZWZhdWx0IHRleHRTdHlsZXM7XG4iXX0= */",
                                      "name": "7uw193-PanelBody",
                                      "next": undefined,
                                      "styles": "h1,h2,h3,h4,h5,h6,p,ul,ol,table,dl,blockquote,form,pre,.auto-select-text,.section,[class^='highlight-']{margin-bottom:20px;&:last-child{margin-bottom:0;}}h1,h2,h3,h4,h5,h6{line-height:1.2;}p,ul,ol,blockquote{line-height:1.5;}h1{font-size:2em;}h2{font-size:1.75em;}h3{font-size:1.5em;}h4{font-size:1.25em;}h5{font-size:1em;}pre{word-break:break-all;white-space:pre-wrap;};;label:PanelBody;/*# sourceMappingURL=data:application/json;charset=utf-8;base64,eyJ2ZXJzaW9uIjozLCJzb3VyY2VzIjpbInBhbmVsQm9keS5qc3giXSwibmFtZXMiOltdLCJtYXBwaW5ncyI6IkFBbUJNIiwiZmlsZSI6InBhbmVsQm9keS5qc3giLCJzb3VyY2VzQ29udGVudCI6WyJpbXBvcnQge2Nzc30gZnJvbSAnQGVtb3Rpb24vY29yZSc7XG5pbXBvcnQge0ZsZXh9IGZyb20gJ0ByZWJhc3MvZ3JpZC9lbW90aW9uJztcbmltcG9ydCBQcm9wVHlwZXMgZnJvbSAncHJvcC10eXBlcyc7XG5pbXBvcnQgUmVhY3QgZnJvbSAncmVhY3QnO1xuXG5pbXBvcnQgc3BhY2UgZnJvbSAnYXBwL3N0eWxlcy9zcGFjZSc7XG5pbXBvcnQgdGV4dFN0eWxlcyBmcm9tICdhcHAvc3R5bGVzL3RleHQnO1xuXG5jb25zdCBQYW5lbEJvZHkgPSAoe2Rpc2FibGVQYWRkaW5nLCBmbGV4LCBkaXJlY3Rpb24sIC4uLnByb3BzfSkgPT4ge1xuICBjb25zdCBwYWRkaW5nID0gIWRpc2FibGVQYWRkaW5nXG4gICAgPyBjc3NgXG4gICAgICAgIHBhZGRpbmc6ICR7c3BhY2UoMil9O1xuICAgICAgYFxuICAgIDogJyc7XG4gIGNvbnN0IGZsZXhEaXJlY3Rpb24gPSBmbGV4ID8gZGlyZWN0aW9uIDogdW5kZWZpbmVkO1xuICBjb25zdCBDb21wID0gZmxleCA/IEZsZXggOiAnZGl2JztcblxuICByZXR1cm4gKFxuICAgIDxDb21wXG4gICAgICBjc3M9e1t0ZXh0U3R5bGVzKHByb3BzKSwgcGFkZGluZ119XG4gICAgICB7Li4ucHJvcHN9XG4gICAgICB7Li4uKGZsZXhEaXJlY3Rpb24gPyB7ZmxleERpcmVjdGlvbn0gOiBudWxsKX1cbiAgICAvPlxuICApO1xufTtcblxuUGFuZWxCb2R5LnByb3BUeXBlcyA9IHtcbiAgZmxleDogUHJvcFR5cGVzLmJvb2wsXG4gIGRpcmVjdGlvbjogUHJvcFR5cGVzLnN0cmluZyxcbiAgZGlzYWJsZVBhZGRpbmc6IFByb3BUeXBlcy5ib29sLFxufTtcblxuUGFuZWxCb2R5LmRlZmF1bHRQcm9wcyA9IHtcbiAgZmxleDogZmFsc2UsXG4gIGRpcmVjdGlvbjogJ2NvbHVtbicsXG4gIGRpc2FibGVQYWRkaW5nOiB0cnVlLFxufTtcblxuZXhwb3J0IGRlZmF1bHQgUGFuZWxCb2R5O1xuIl19 */",
                                      "toString": [Function],
                                    }
                                  }
                                >
                                  <div
                                    className="e1ueudyh4 css-1nityjz-PanelBody-StyledPanelBody"
                                  >
                                    <div
                                      dangerouslySetInnerHTML={
                                        Object {
                                          "__html": undefined,
                                        }
                                      }
                                    />
                                    <PluginSettings
                                      organization={
                                        Object {
                                          "access": Array [
                                            "org:read",
                                            "org:write",
                                            "org:admin",
                                            "org:integrations",
                                            "project:read",
                                            "project:write",
                                            "project:admin",
                                            "team:read",
                                            "team:write",
                                            "team:admin",
                                          ],
                                          "features": Array [],
                                          "id": "3",
                                          "name": "Organization Name",
                                          "onboardingTasks": Array [],
                                          "projects": Array [],
                                          "scrapeJavaScript": true,
                                          "slug": "org-slug",
                                          "status": Object {
                                            "id": "active",
                                            "name": "active",
                                          },
                                          "teams": Array [],
                                        }
                                      }
                                      plugin={
                                        DefaultPlugin {
                                          "assets": Array [],
                                          "author": Object {
                                            "name": "Sentry Team",
                                            "url": "https://github.com/getsentry/sentry",
                                          },
                                          "canDisable": true,
                                          "enabled": false,
                                          "hasConfiguration": true,
                                          "id": "amazon-sqs",
                                          "isHidden": false,
                                          "name": "Amazon SQS",
                                          "slug": "amazon-sqs",
                                          "version": "8.23.0.dev0",
                                        }
                                      }
                                      project={
                                        Object {
                                          "environments": Array [],
                                          "hasAccess": true,
                                          "id": "2",
                                          "isBookmarked": false,
                                          "isMember": true,
                                          "name": "Project Name",
                                          "slug": "project-slug",
                                          "teams": Array [],
                                        }
                                      }
                                    />
                                  </div>
                                </EmotionCssPropInternal>
                              </PanelBody>
                            </StyledPanelBody>
                          </div>
                        </Component>
                      </Panel>
                    </PluginConfig>
                  </withApi(PluginConfig)>
                </div>
                <div
                  className="col-md-4 col-md-offset-1"
                >
                  <div
                    className="pluginDetails-meta"
                  >
                    <h4>
                      Plugin Information
                    </h4>
                    <dl
                      className="flat"
                    >
                      <dt>
                        Name
                      </dt>
                      <dd>
                        Amazon SQS
                      </dd>
                      <dt>
                        Author
                      </dt>
                      <dd>
                        Sentry Team
                      </dd>
                      <div>
                        <dt>
                          URL
                        </dt>
                        <dd>
                          <ForwardRef
                            href="https://github.com/getsentry/sentry"
                          >
                            <a
                              href="https://github.com/getsentry/sentry"
                              rel="noreferrer noopener"
                              target="_blank"
                            >
                              github.com/getsentry/sentry
                            </a>
                          </ForwardRef>
                        </dd>
                      </div>
                      <dt>
                        Version
                      </dt>
                      <dd>
                        8.23.0.dev0
                      </dd>
                    </dl>
                  </div>
                </div>
              </div>
            </div>
          </DocumentTitle>
        </SideEffect(DocumentTitle)>
      </ProjectPluginDetails>
    </withPlugins(ProjectPluginDetails)>
  </withProject(withPlugins(ProjectPluginDetails))>
</WithOrganizationMockWrapper>
`;
