// Jest Snapshot v1, https://goo.gl/fbAQLP

exports[`OrganizationApiKeysList renders 1`] = `
<OrganizationApiKeysList
  keys={
    Array [
      Object {
        "allowed_origins": "",
        "id": 1,
        "key": "aa624bcc12024702a202cd90be5feda0",
        "label": "Default",
        "scope_list": Array [
          "project:read",
          "event:read",
          "team:read",
          "member:read",
        ],
        "status": 0,
      },
    ]
  }
  params={
    Object {
      "orgId": "org-slug",
    }
  }
  routes={
    Array [
      Object {
        "path": "/",
      },
      Object {
        "path": "/:orgId/",
      },
      Object {
        "path": "/organizations/:orgId/",
      },
      Object {
        "name": "API Key",
        "path": "api-keys/",
      },
    ]
  }
>
  <div>
    <StyledSettingsPageHeading
      action={
        <Button
          align="center"
          disabled={false}
          icon="icon-circle-add"
          priority="primary"
          size="small"
        >
          New API Key
        </Button>
      }
      noTitleStyles={false}
      title="API Keys"
    >
      <SettingsPageHeading
        action={
          <Button
            align="center"
            disabled={false}
            icon="icon-circle-add"
            priority="primary"
            size="small"
          >
            New API Key
          </Button>
        }
        className="css-xtfhnp-StyledSettingsPageHeading e1uay4fd4"
        noTitleStyles={false}
        title="API Keys"
      >
        <div
          className="css-xtfhnp-StyledSettingsPageHeading e1uay4fd4"
        >
          <TitleAndActions>
            <div
              className="css-ifzfc5-TitleAndActions e1uay4fd0"
            >
              <Title
                styled={false}
              >
                <div
                  className="css-120v9s3-Title e1uay4fd1"
                >
                  <HeaderTitle>
                    <h4
                      className="css-1bosio6-HeaderTitle eqkydle2"
                    >
                      API Keys
                    </h4>
                  </HeaderTitle>
                </div>
              </Title>
              <Action>
                <div
                  className="css-au7gsx-Action e1uay4fd3"
                >
                  <Button
                    align="center"
                    disabled={false}
                    icon="icon-circle-add"
                    priority="primary"
                    size="small"
                  >
                    <StyledButton
                      aria-disabled={false}
                      aria-label="New API Key"
                      disabled={false}
                      onClick={[Function]}
                      priority="primary"
                      role="button"
                      size="small"
                    >
                      <ForwardRef
                        aria-disabled={false}
                        aria-label="New API Key"
                        className="css-17rayxn-StyledButton edwq9my0"
                        disabled={false}
                        onClick={[Function]}
                        priority="primary"
                        role="button"
                        size="small"
                      >
                        <button
                          aria-disabled={false}
                          aria-label="New API Key"
                          className="css-17rayxn-StyledButton edwq9my0"
                          onClick={[Function]}
                          role="button"
                          size="small"
                        >
                          <ButtonLabel
                            align="center"
                            priority="primary"
                            size="small"
                          >
                            <Component
                              align="center"
                              className="css-19gcr2f-ButtonLabel edwq9my1"
                              priority="primary"
                              size="small"
                            >
                              <span
                                className="css-19gcr2f-ButtonLabel edwq9my1"
                              >
                                <Icon
                                  hasChildren={true}
                                  size="small"
                                >
                                  <Component
                                    className="css-1299qb2-Icon edwq9my2"
                                    hasChildren={true}
                                    size="small"
                                  >
                                    <span
                                      className="css-1299qb2-Icon edwq9my2"
                                      size="small"
                                    >
                                      <StyledInlineSvg
                                        size="12px"
                                        src="icon-circle-add"
                                      >
                                        <ForwardRef
                                          className="css-1p65eyx-InlineSvg-StyledInlineSvg edwq9my3"
                                          size="12px"
                                          src="icon-circle-add"
                                        >
                                          <svg
                                            className="css-1p65eyx-InlineSvg-StyledInlineSvg edwq9my3"
                                            height="12px"
                                            viewBox={Object {}}
                                            width="12px"
                                          >
                                            <use
                                              href="#test"
                                              xlinkHref="#test"
                                            />
                                          </svg>
                                        </ForwardRef>
                                      </StyledInlineSvg>
                                    </span>
                                  </Component>
                                </Icon>
                                New API Key
                              </span>
                            </Component>
                          </ButtonLabel>
                        </button>
                      </ForwardRef>
                    </StyledButton>
                  </Button>
                </div>
              </Action>
            </div>
          </TitleAndActions>
        </div>
      </SettingsPageHeading>
    </StyledSettingsPageHeading>
    <TextBlock>
      <div
        className="css-1j3tvli-TextBlock e1x1lar10"
      >
        <span
          key="5"
        >
          <span
            key="0"
          >
            API keys grant access to the 
          </span>
          <ForwardRef
            href="https://docs.sentry.io/hosted/api/"
            key="2"
          >
            <a
              href="https://docs.sentry.io/hosted/api/"
              rel="noreferrer noopener"
              target="_blank"
            >
              <span
                key="1"
              >
                developer web API
              </span>
            </a>
          </ForwardRef>
          <span
            key="3"
          >
            .
          If you're looking to configure a Sentry client, you'll need a
          client key which is available in your project settings.
          </span>
        </span>
      </div>
    </TextBlock>
    <div
      className="alert alert-block alert-info"
    >
      <span
        key="5"
      >
        <span
          key="0"
        >
          psst. Until Sentry supports OAuth, you might want to switch to using 
        </span>
        <Link
          key="2"
          to="/settings/account/api/auth-tokens/"
        >
          <Link
            onlyActiveOnIndex={false}
            style={Object {}}
            to="/settings/account/api/auth-tokens/"
          >
            <a
              onClick={[Function]}
              style={Object {}}
            >
              <span
                key="1"
              >
                Auth Tokens
              </span>
            </a>
          </Link>
        </Link>
        <span
          key="3"
        >
           instead.
        </span>
      </span>
    </div>
    <Panel>
      <Component
        className="css-15hwgrz-Panel e119nu470"
      >
        <div
          className="css-15hwgrz-Panel e119nu470"
        >
          <PanelHeader
            disablePadding={true}
          >
            <div
              className="css-cl5fyc-PanelHeader en8g1d30"
            >
              <Flex
                alignItems="center"
                flex="1"
              >
                <div
                  className="css-p01kl5"
                >
                  <Box
                    flex="1"
                    px={2}
                  >
                    <div
                      className="css-pcjga5"
                    >
                      Name
                    </div>
                  </Box>
                  <Box
                    flex="2"
                    px={2}
                  >
                    <div
                      className="css-1dp2adt"
                    >
                      Key
                    </div>
                  </Box>
                </div>
              </Flex>
              <Box
                px={2}
                width={100}
              >
                <div
                  className="css-qa5fnq"
                  width={100}
                >
                  Actions
                </div>
              </Box>
            </div>
          </PanelHeader>
          <PanelBody
            direction="column"
            disablePadding={true}
            flex={false}
          >
            <EmotionCssPropInternal
              __EMOTION_LABEL_PLEASE_DO_NOT_USE__="PanelBody"
              __EMOTION_TYPE_PLEASE_DO_NOT_USE__="div"
              css={
                Object {
                  "map": "/*# sourceMappingURL=data:application/json;charset=utf-8;base64,eyJ2ZXJzaW9uIjozLCJzb3VyY2VzIjpbInRleHQudHN4Il0sIm5hbWVzIjpbXSwibWFwcGluZ3MiOiJBQUdZIiwiZmlsZSI6InRleHQudHN4Iiwic291cmNlc0NvbnRlbnQiOlsiaW1wb3J0IHtjc3N9IGZyb20gJ0BlbW90aW9uL2NvcmUnO1xuXG5jb25zdCB0ZXh0U3R5bGVzID0gKCkgPT4ge1xuICByZXR1cm4gY3NzYFxuICAgIC8qIHN0eWxlbGludC1kaXNhYmxlIG5vLWRlc2NlbmRpbmctc3BlY2lmaWNpdHkgKi9cbiAgICBoMSxcbiAgICBoMixcbiAgICBoMyxcbiAgICBoNCxcbiAgICBoNSxcbiAgICBoNixcbiAgICBwLFxuICAgIHVsLFxuICAgIG9sLFxuICAgIHRhYmxlLFxuICAgIGRsLFxuICAgIGJsb2NrcXVvdGUsXG4gICAgZm9ybSxcbiAgICBwcmUsXG4gICAgLmF1dG8tc2VsZWN0LXRleHQsXG4gICAgLnNlY3Rpb24sXG4gICAgW2NsYXNzXj0naGlnaGxpZ2h0LSddIHtcbiAgICAgIG1hcmdpbi1ib3R0b206IDIwcHg7XG5cbiAgICAgICY6bGFzdC1jaGlsZCB7XG4gICAgICAgIG1hcmdpbi1ib3R0b206IDA7XG4gICAgICB9XG4gICAgfVxuXG4gICAgaDEsXG4gICAgaDIsXG4gICAgaDMsXG4gICAgaDQsXG4gICAgaDUsXG4gICAgaDYge1xuICAgICAgbGluZS1oZWlnaHQ6IDEuMjtcbiAgICB9XG5cbiAgICBwLFxuICAgIHVsLFxuICAgIG9sLFxuICAgIGJsb2NrcXVvdGUge1xuICAgICAgbGluZS1oZWlnaHQ6IDEuNTtcbiAgICB9XG5cbiAgICBoMSB7XG4gICAgICBmb250LXNpemU6IDJlbTtcbiAgICB9XG5cbiAgICBoMiB7XG4gICAgICBmb250LXNpemU6IDEuNzVlbTtcbiAgICB9XG5cbiAgICBoMyB7XG4gICAgICBmb250LXNpemU6IDEuNWVtO1xuICAgIH1cblxuICAgIGg0IHtcbiAgICAgIGZvbnQtc2l6ZTogMS4yNWVtO1xuICAgIH1cblxuICAgIGg1IHtcbiAgICAgIGZvbnQtc2l6ZTogMWVtO1xuICAgIH1cblxuICAgIHByZSB7XG4gICAgICB3b3JkLWJyZWFrOiBicmVhay1hbGw7XG4gICAgICB3aGl0ZS1zcGFjZTogcHJlLXdyYXA7XG4gICAgfVxuICAgIC8qIHN0eWxlbGludC1lbmFibGUgKi9cbiAgYDtcbn07XG5cbmV4cG9ydCBkZWZhdWx0IHRleHRTdHlsZXM7XG4iXX0= */",
                  "name": "7uw193-PanelBody",
                  "next": undefined,
                  "styles": "h1,h2,h3,h4,h5,h6,p,ul,ol,table,dl,blockquote,form,pre,.auto-select-text,.section,[class^='highlight-']{margin-bottom:20px;&:last-child{margin-bottom:0;}}h1,h2,h3,h4,h5,h6{line-height:1.2;}p,ul,ol,blockquote{line-height:1.5;}h1{font-size:2em;}h2{font-size:1.75em;}h3{font-size:1.5em;}h4{font-size:1.25em;}h5{font-size:1em;}pre{word-break:break-all;white-space:pre-wrap;};;label:PanelBody;/*# sourceMappingURL=data:application/json;charset=utf-8;base64,eyJ2ZXJzaW9uIjozLCJzb3VyY2VzIjpbInBhbmVsQm9keS5qc3giXSwibmFtZXMiOltdLCJtYXBwaW5ncyI6IkFBbUJNIiwiZmlsZSI6InBhbmVsQm9keS5qc3giLCJzb3VyY2VzQ29udGVudCI6WyJpbXBvcnQge2Nzc30gZnJvbSAnQGVtb3Rpb24vY29yZSc7XG5pbXBvcnQge0ZsZXh9IGZyb20gJ0ByZWJhc3MvZ3JpZC9lbW90aW9uJztcbmltcG9ydCBQcm9wVHlwZXMgZnJvbSAncHJvcC10eXBlcyc7XG5pbXBvcnQgUmVhY3QgZnJvbSAncmVhY3QnO1xuXG5pbXBvcnQgc3BhY2UgZnJvbSAnYXBwL3N0eWxlcy9zcGFjZSc7XG5pbXBvcnQgdGV4dFN0eWxlcyBmcm9tICdhcHAvc3R5bGVzL3RleHQnO1xuXG5jb25zdCBQYW5lbEJvZHkgPSAoe2Rpc2FibGVQYWRkaW5nLCBmbGV4LCBkaXJlY3Rpb24sIC4uLnByb3BzfSkgPT4ge1xuICBjb25zdCBwYWRkaW5nID0gIWRpc2FibGVQYWRkaW5nXG4gICAgPyBjc3NgXG4gICAgICAgIHBhZGRpbmc6ICR7c3BhY2UoMil9O1xuICAgICAgYFxuICAgIDogJyc7XG4gIGNvbnN0IGZsZXhEaXJlY3Rpb24gPSBmbGV4ID8gZGlyZWN0aW9uIDogdW5kZWZpbmVkO1xuICBjb25zdCBDb21wID0gZmxleCA/IEZsZXggOiAnZGl2JztcblxuICByZXR1cm4gKFxuICAgIDxDb21wXG4gICAgICBjc3M9e1t0ZXh0U3R5bGVzKHByb3BzKSwgcGFkZGluZ119XG4gICAgICB7Li4ucHJvcHN9XG4gICAgICB7Li4uKGZsZXhEaXJlY3Rpb24gPyB7ZmxleERpcmVjdGlvbn0gOiBudWxsKX1cbiAgICAvPlxuICApO1xufTtcblxuUGFuZWxCb2R5LnByb3BUeXBlcyA9IHtcbiAgZmxleDogUHJvcFR5cGVzLmJvb2wsXG4gIGRpcmVjdGlvbjogUHJvcFR5cGVzLnN0cmluZyxcbiAgZGlzYWJsZVBhZGRpbmc6IFByb3BUeXBlcy5ib29sLFxufTtcblxuUGFuZWxCb2R5LmRlZmF1bHRQcm9wcyA9IHtcbiAgZmxleDogZmFsc2UsXG4gIGRpcmVjdGlvbjogJ2NvbHVtbicsXG4gIGRpc2FibGVQYWRkaW5nOiB0cnVlLFxufTtcblxuZXhwb3J0IGRlZmF1bHQgUGFuZWxCb2R5O1xuIl19 */",
                  "toString": [Function],
                }
              }
            >
              <div
                className="css-7uw193-PanelBody"
              >
                <PanelItem
                  alignItems="center"
                  key="1"
                  p={0}
                  py={1}
                >
                  <div
                    className="css-1uqw1uj-PanelItem eo8n7lk0"
                  >
                    <Flex
                      alignItems="center"
                      flex="1"
                    >
                      <div
                        className="css-p01kl5"
                      >
                        <Box
                          alignItems="center"
                          flex="1"
                          px={2}
                        >
                          <div
                            className="css-1nomnpv"
                          >
                            <Link
                              to="/organizations/org-slug/api-keys/1/"
                            >
                              <Link
                                onlyActiveOnIndex={false}
                                style={Object {}}
                                to="/organizations/org-slug/api-keys/1/"
                              >
                                <a
                                  onClick={[Function]}
                                  style={Object {}}
                                >
                                  Default
                                </a>
                              </Link>
                            </Link>
                          </div>
                        </Box>
                        <Box
                          flex="2"
                          px={2}
                        >
                          <div
                            className="css-1dp2adt"
                          >
                            <AutoSelectText
                              className="form-control disabled"
                            >
                              <div
                                className="auto-select-text form-control disabled"
                                onClick={[Function]}
                              >
                                <span>
                                  aa624bcc12024702a202cd90be5feda0
                                </span>
                              </div>
                            </AutoSelectText>
                          </div>
                        </Box>
                      </div>
                    </Flex>
                    <Box
                      px={2}
                      width={100}
                    >
                      <div
                        className="css-qa5fnq"
                        width={100}
                      >
                        <LinkWithConfirmation
                          className="btn btn-default btn-sm"
                          message="Are you sure you want to remove this API key?"
                          onConfirm={[Function]}
                          title="Remove API Key?"
                        >
                          <Confirm
                            cancelText="Cancel"
                            confirmText="Confirm"
                            disableConfirmButton={false}
                            message="Are you sure you want to remove this API key?"
                            onConfirm={[Function]}
                            priority="primary"
                            stopPropagation={false}
                          >
                            <a
                              className="btn btn-default btn-sm"
                              onClick={[Function]}
                              title="Remove API Key?"
                            >
                              <span
                                className="icon-trash"
                              />
                            </a>
                            <Modal
                              animation={false}
                              autoFocus={true}
                              backdrop={true}
                              bsClass="modal"
                              dialogComponentClass={[Function]}
                              enforceFocus={true}
                              keyboard={true}
                              manager={
                                ModalManager {
                                  "add": [Function],
                                  "containers": Array [],
                                  "data": Array [],
                                  "handleContainerOverflow": true,
                                  "hideSiblingNodes": true,
                                  "isTopModal": [Function],
                                  "modals": Array [],
                                  "remove": [Function],
                                }
                              }
                              onHide={[Function]}
                              renderBackdrop={[Function]}
                              restoreFocus={true}
                              show={false}
                            >
                              <Modal
                                autoFocus={true}
                                backdrop={true}
                                backdropClassName="modal-backdrop"
                                containerClassName="modal-open"
                                enforceFocus={true}
                                keyboard={true}
                                manager={
                                  ModalManager {
                                    "add": [Function],
                                    "containers": Array [],
                                    "data": Array [],
                                    "handleContainerOverflow": true,
                                    "hideSiblingNodes": true,
                                    "isTopModal": [Function],
                                    "modals": Array [],
                                    "remove": [Function],
                                  }
                                }
                                onEntering={[Function]}
                                onExited={[Function]}
                                onHide={[Function]}
                                renderBackdrop={[Function]}
                                restoreFocus={true}
                                show={false}
                              />
                            </Modal>
                          </Confirm>
                        </LinkWithConfirmation>
                      </div>
                    </Box>
                  </div>
                </PanelItem>
              </div>
            </EmotionCssPropInternal>
          </PanelBody>
        </div>
      </Component>
    </Panel>
  </div>
</OrganizationApiKeysList>
`;
